python : F
At line:1 char:1
+ python tests/verify_
integration.py > 
test_output.txt 2>&1
+ ~~~~~~~~~~~~~~~~~~~~
~~~~~~~~~~~~~~~~~~~~~~
~~~~~~~~~~~~~~~
    + CategoryInfo    
          : NotSpeci  
  fied: (F:String)    
 [], RemoteExcepti    
on
    + FullyQualifiedE 
   rrorId : NativeCo  
  mmandError
 
======================
======================
======================
====
FAIL: test_optimizatio
n_flow (__main__.TestE
ndToEnd.test_optimizat
ion_flow)
----------------------
----------------------
----------------------
----
Traceback (most 
recent call last):
  File "C:\Users\TotoB
akod\Warehouse-Optimiz
er-Flask\tests\verify_
integration.py", line 
62, in 
test_optimization_flow
    self.assertGreater
(fitness, 0, "Fitness 
should be positive")
AssertionError: 0.0 
not greater than 0 : 
Fitness should be 
positive

----------------------
----------------------
----------------------
----
Ran 1 test in 1.082s

FAILED (failures=1)

--- Testing Data Loading ---
Successfully loaded 50 items.
Initial state verified: All items at (0,0,0).

--- Running Genetic Algorithm (Fast Mode) ---

--- Verifying Solution ---
